C:/Basic/homework_pmc/usart_cmsis/CMSIS/Include/core_cm3.h:1511:22:__NVIC_EnableIRQ	16	static
C:/Basic/homework_pmc/usart_cmsis/CMSIS/Include/core_cm3.h:1639:22:__NVIC_SetPriority	16	static
../Src/main.c:22:6:initClk	4	static
../Src/main.c:62:6:delay	24	static
../Src/main.c:67:6:init_ports	4	static
../Src/main.c:83:6:init_tim2	4	static
../Src/main.c:92:6:init_tim3	8	static
../Src/main.c:105:6:init_adc	8	static
../Src/main.c:121:6:TIM3_IRQHandler	8	static
../Src/main.c:127:6:indicator	16	static
../Src/main.c:205:10:read_adc	16	static
../Src/main.c:213:6:convert	16	static
../Src/main.c:238:6:indication	16	static
../Src/main.c:252:5:main	8	static
