C:/Basic/homework_pmc/usart_cmsis/CMSIS/Include/core_cm3.h:1511:22:__NVIC_EnableIRQ	2
C:/Basic/homework_pmc/usart_cmsis/CMSIS/Include/core_cm3.h:1639:22:__NVIC_SetPriority	2
../Src/main.c:22:6:initClk	4
../Src/main.c:62:6:delay	2
../Src/main.c:67:6:init_ports	1
../Src/main.c:83:6:init_tim2	1
../Src/main.c:92:6:init_tim3	1
../Src/main.c:105:6:init_adc	2
../Src/main.c:121:6:TIM3_IRQHandler	1
../Src/main.c:127:6:indicator	15
../Src/main.c:205:10:read_adc	2
../Src/main.c:213:6:convert	3
../Src/main.c:238:6:indication	3
../Src/main.c:252:5:main	1
